Microchip MPLAB XC8 Compiler V2.10 ()

Linker command line:

-W-3 --edf=C:\Program Files (x86)\Microchip\xc8\v2.10\pic\dat\en_msgs.txt \
  -cs -h+dist/default/production\PIC.X.X.production.sym \
  --cmf=dist/default/production\PIC.X.X.production.cmf -z -Q18F4550 \
  -oC:\Users\eugen\AppData\Local\Temp\s85o.2 --defsym=__MPLAB_BUILD=1 \
  -Mdist/default/production/PIC.X.X.production.map -E1 -ver=XC8 \
  --acfsm=1493 -ASTACK=015Ch-03FFh -pstack=STACK -ACODE=00h-07FFFh \
  -ACONST=00h-07FFFh -ASMALLCONST=0800h-08FFhx120 \
  -AMEDIUMCONST=0800h-07FFFh -ACOMRAM=01h-05Fh -AABS1=00h-07FFh \
  -ABIGRAM=01h-07FFh -ARAM=060h-0FFh,0100h-01FFhx7 -ABANK0=060h-0FFh \
  -ABANK1=0100h-01FFh -ABANK2=0200h-02FFh -ABANK3=0300h-03FFh \
  -ABANK4=0400h-04FFh -ABANK5=0500h-05FFh -ABANK6=0600h-06FFh \
  -ABANK7=0700h-07FFh -ASFR=0F60h-0FFFh \
  -preset_vec=00h,intcode=08h,intcodelo,powerup,init -pramtop=0800h \
  -psmallconst=SMALLCONST -pmediumconst=MEDIUMCONST -pconst=CONST \
  -AFARRAM=00h-00h -ACONFIG=0300000h-030000Dh -pconfig=CONFIG \
  -AIDLOC=0200000h-0200007h -pidloc=IDLOC -AEEDATA=0F00000h-0F000FFh \
  -peeprom_data=EEDATA \
  -prdata=COMRAM,nvrram=COMRAM,nvbit=COMRAM,rbss=COMRAM,rbit=COMRAM \
  -pfarbss=FARRAM,fardata=FARRAM,nvFARRAM=FARRAM \
  -pintsave_regs=BIGRAM,bigbss=BIGRAM,bigdata=BIGRAM -pbss=RAM \
  -pidata=CODE,irdata=CODE,ibigdata=CODE,ifardata=CODE -prparam=COMRAM \
  C:\Users\eugen\AppData\Local\Temp\s85o.o \
  dist/default/production\PIC.X.X.production.o 

Object code version is 3.11

Machine type is 18F4550

Call graph: (short form)




                Name                               Link     Load   Length Selector   Space Scale
C:\Users\eugen\AppData\Local\Temp\s85o.o
                init                                  E        E        4        4       0
                reset_vec                             0        0        4        0       0
                idloc                            200000   200000        8   200000       0
                config                           300000   300000        E   300000       0
dist/default/production\PIC.X.X.production.o
                intcode                               8        8        6        4       0
                temp                                 53       53        1        1       1
                smallconst                          800      800       B8      400       0
                text44                             20F2     20F2      110      45C       0
                text43                             241C     241C      10A      45C       0
                text42                             2526     2526       F2      45C       0
                text41                             19A0     19A0      144      45C       0
                text40                             2C2A     2C2A       74      45C       0
                text39                             29F0     29F0       AC      45C       0
                text38                             2E18     2E18       4C      45C       0
                text37                             1D68     1D68      13E      45C       0
                text36                             2D04     2D04       64      45C       0
                text35                             2310     2310      10C      45C       0
                text34                             2B2C     2B2C       88      45C       0
                text33                              8B8      8B8      35C      45C       0
                text32                             1598     1598      174      45C       0
                text31                             2202     2202      10E      45C       0
                text30                             1422     1422      176      45C       0
                text29                             2618     2618       EA      45C       0
                text28                             1FCC     1FCC      126      45C       0
                text27                             293C     293C       B4      45C       0
                text26                             1C26     1C26      142      45C       0
                text25                             2A9C     2A9C       90      45C       0
                text24                             2DC8     2DC8       50      45C       0
                text23                             2884     2884       B8      45C       0
                text22                             2F4E     2F4E       32      45C       0
                text21                             2D68     2D68       60      45C       0
                text20                             2FDC     2FDC       2C      45C       0
                text19                             2EA6     2EA6       3E      45C       0
                text18                             1856     1856      14A      45C       0
                text17                              EE6      EE6      228      45C       0
                text16                             2F80     2F80       30      45C       0
                intcode_body                       2702     2702       CA      45C       0
                text14                             1AE4     1AE4      142      45C       0
                text13                             110E     110E      19C      45C       0
                text12                             3008     3008       28      45C       0
                text11                             2BB4     2BB4       76      45C       0
                text10                             2C9E     2C9E       66      45C       0
                text9                              1EA6     1EA6      126      45C       0
                text8                              27CC     27CC       B8      45C       0
                text7                              303E     303E        E      45C       0
                text6                              2E64     2E64       42      45C       0
                text5                              12AA     12AA      178      45C       0
                text4                              170C     170C      14A      45C       0
                text3                              3030     3030        E      45C       0
                text2                              2EE4     2EE4       38      45C       0
                text1                              2FB0     2FB0       2C      45C       0
                text0                               C14      C14      2D2      45C       0
                cstackCOMRAM                          1        1       2A        1       1
                cstackBANK0                          9C       9C       14       60       1
                cstackBANK1                         100      100       52      100       1
                bssBANK1                            152      152        A      100       1
                bssBANK0                             60       60       3C       60       1
                bssCOMRAM                            2B       2B       28        1       1
                cinit                              2F1C     2F1C       32      45C       0

TOTAL           Name                               Link     Load   Length     Space
        CLASS   STACK          

        CLASS   CODE           
                intcode                               8        8        6         0
                init                                  E        E        4         0
                reset_vec                             0        0        4         0
                text44                             20F2     20F2      110         0
                text43                             241C     241C      10A         0
                text42                             2526     2526       F2         0
                text41                             19A0     19A0      144         0
                text40                             2C2A     2C2A       74         0
                text39                             29F0     29F0       AC         0
                text38                             2E18     2E18       4C         0
                text37                             1D68     1D68      13E         0
                text36                             2D04     2D04       64         0
                text35                             2310     2310      10C         0
                text34                             2B2C     2B2C       88         0
                text33                              8B8      8B8      35C         0
                text32                             1598     1598      174         0
                text31                             2202     2202      10E         0
                text30                             1422     1422      176         0
                text29                             2618     2618       EA         0
                text28                             1FCC     1FCC      126         0
                text27                             293C     293C       B4         0
                text26                             1C26     1C26      142         0
                text25                             2A9C     2A9C       90         0
                text24                             2DC8     2DC8       50         0
                text23                             2884     2884       B8         0
                text22                             2F4E     2F4E       32         0
                text21                             2D68     2D68       60         0
                text20                             2FDC     2FDC       2C         0
                text19                             2EA6     2EA6       3E         0
                text18                             1856     1856      14A         0
                text17                              EE6      EE6      228         0
                text16                             2F80     2F80       30         0
                intcode_body                       2702     2702       CA         0
                text14                             1AE4     1AE4      142         0
                text13                             110E     110E      19C         0
                text12                             3008     3008       28         0
                text11                             2BB4     2BB4       76         0
                text10                             2C9E     2C9E       66         0
                text9                              1EA6     1EA6      126         0
                text8                              27CC     27CC       B8         0
                text7                              303E     303E        E         0
                text6                              2E64     2E64       42         0
                text5                              12AA     12AA      178         0
                text4                              170C     170C      14A         0
                text3                              3030     3030        E         0
                text2                              2EE4     2EE4       38         0
                text1                              2FB0     2FB0       2C         0
                text0                               C14      C14      2D2         0
                cinit                              2F1C     2F1C       32         0

        CLASS   CONST          

        CLASS   SMALLCONST     
                smallconst                          800      800       B8         0

        CLASS   MEDIUMCONST    

        CLASS   COMRAM         
                temp                                 53       53        1         1
                cstackCOMRAM                          1        1       2A         1
                bssCOMRAM                            2B       2B       28         1

        CLASS   ABS1           
                abs_s1                              400      400       38         1
                abs_s1                              450      450       20         1
                abs_s1                              500      500       80         1

        CLASS   BIGRAM         

        CLASS   RAM            

        CLASS   BANK0          
                cstackBANK0                          9C       9C       14         1
                bssBANK0                             60       60       3C         1

        CLASS   BANK1          
                cstackBANK1                         100      100       52         1
                bssBANK1                            152      152        A         1

        CLASS   BANK2          

        CLASS   BANK3          

        CLASS   BANK4          

        CLASS   BANK5          

        CLASS   BANK6          

        CLASS   BANK7          

        CLASS   SFR            

        CLASS   FARRAM         

        CLASS   CONFIG         
                config                           300000   300000        E         0

        CLASS   IDLOC          
                idloc                            200000   200000        8         0

        CLASS   EEDATA         



SEGMENTS        Name                           Load    Length   Top    Selector   Space  Class

                reset_vec                      000000  000004  000004         0       0  CODE    
                cstackCOMRAM                   000001  000053  000054         1       1  COMRAM  
                intcode                        000008  00000A  000012         4       0  CODE    
                bssBANK0                       000060  000050  0000B0        60       1  BANK0   
                cstackBANK1                    000100  00005C  00015C       100       1  BANK1   
                smallconst                     000800  0000B8  0008B8       400       0  SMALLCON
                text33                         0008B8  002794  00304C       45C       0  CODE    
                idloc                          200000  000008  200008    200000       0  IDLOC   
                config                         300000  00000E  30000E    300000       0  CONFIG  


UNUSED ADDRESS RANGES

        Name                Unused          Largest block    Delta
        BANK0            0000B0-0000FF               50
        BANK1            00015C-0001FF               A4
        BANK2            000200-0002FF              100
        BANK3            000300-0003FF              100
        BANK4            000438-00044F               18
                         000470-0004FF               90
        BANK5            000580-0005FF               80
        BANK6            000600-0006FF              100
        BANK7            000700-0007FF              100
        BIGRAM           000054-00005F                C
                         0000B0-0000FF               50
                         00015C-0003FF              2A4
                         000438-00044F               18
                         000470-0004FF               90
                         000580-0007FF              280
        CODE             000004-000007                4
                         000012-0007FF              7EE
                         00304C-007FFF             4FB4
        COMRAM           000054-00005F                C
        CONST            000004-000007                4
                         000012-0007FF              7EE
                         00304C-007FFF             4FB4
        EEDATA           F00000-F000FF              100
        MEDIUMCONST      00304C-007FFF             4FB4
        RAM              0000B0-0000FF               50
                         00015C-0003FF              100
                         000438-00044F               18
                         000470-0004FF               90
                         000580-0007FF              100
        SFR              000F60-000FFF               A0
        SMALLCONST       00304C-007FFF              100
        STACK            00015C-0003FF              2A4

                                  Symbol Table

?_USBTransferOnePacket                    cstackBANK0  00009C
?___lwdiv                                 cstackBANK0  00009C
?___lwmod                                 cstackBANK0  0000A3
?___wmul                                  cstackBANK0  00009C
?i2_USBTransferOnePacket                  cstackCOMRAM 000001
CDCTxService@byte_to_send                 cstackBANK0  0000A8
CDCTxService@i                            cstackBANK0  0000A7
USBConfigureEndpoint@EPNum                cstackCOMRAM 000006
USBConfigureEndpoint@direction            cstackCOMRAM 000001
USBConfigureEndpoint@handle               cstackCOMRAM 000007
USBCtrlTrfInHandler@lastDTS               cstackCOMRAM 000002
USBCtrlTrfRxService@byteToRead            cstackCOMRAM 000002
USBCtrlTrfRxService@i                     cstackCOMRAM 000001
USBCtrlTrfTxService@byteToSend            cstackCOMRAM 000001
USBDeviceInit@i                           cstackBANK0  0000A8
USBDeviceTasks@i                          cstackCOMRAM 00001F
USBEnableEndpoint@ep                      cstackCOMRAM 00000C
USBEnableEndpoint@options                 cstackCOMRAM 000009
USBEnableEndpoint@p                       cstackCOMRAM 00000A
USBStdFeatureReqHandler@current_ep_data   cstackCOMRAM 000019
USBStdFeatureReqHandler@p                 cstackCOMRAM 00001A
USBStdFeatureReqHandler@pUEP              cstackCOMRAM 000017
USBStdGetStatusHandler@p                  cstackCOMRAM 000003
USBStdSetCfgHandler@i                     cstackCOMRAM 000015
USBTransferOnePacket@data                 cstackBANK0  00009D
USBTransferOnePacket@dir                  cstackBANK0  00009C
USBTransferOnePacket@ep                   cstackBANK0  0000A4
USBTransferOnePacket@handle               cstackBANK0  0000A5
USBTransferOnePacket@len                  cstackBANK0  00009F
USER_USB_CALLBACK_EVENT_HANDLER@event     cstackCOMRAM 00000D
USER_USB_CALLBACK_EVENT_HANDLER@pdata     cstackCOMRAM 00000F
USER_USB_CALLBACK_EVENT_HANDLER@size      cstackCOMRAM 000011
_ADCON1                                   (abs)        000FC1
_BDT                                      (abs)        000400
_BaudRateGen                              bssBANK0     00007A
_BothEP0OutUOWNsSet                       bssCOMRAM    000040
_CDCDataInHandle                          bssBANK0     00008A
_CDCDataOutHandle                         bssBANK0     00008C
_CDCInitEP                                text36       002D04
_CDCTxService                             text13       00110E
_CMCON                                    (abs)        000FB4
_CtrlTrfData                              (abs)        000450
_DIGIT_MAP                                smallconst   000801
_INTCONbits                               (abs)        000FF2
_IPR2bits                                 (abs)        000FA2
_LATA                                     (abs)        000F89
_LATCbits                                 (abs)        000F8B
_LATD                                     (abs)        000F8C
_PIE2bits                                 (abs)        000FA0
_PIR2bits                                 (abs)        000FA1
_PORTA                                    (abs)        000F80
_PORTBbits                                (abs)        000F81
_PORTD                                    (abs)        000F83
_RemoteWakeup                             bssCOMRAM    000043
_SetupPkt                                 (abs)        000430
_T0CON                                    (abs)        000FD5
_TMR0L                                    (abs)        000FD6
_TRISA                                    (abs)        000F92
_TRISBbits                                (abs)        000F93
_TRISCbits                                (abs)        000F94
_TRISD                                    (abs)        000F95
_UADDR                                    (abs)        000F6E
_UCFG                                     (abs)        000F6F
_UCON                                     (abs)        000F6D
_UCONbits                                 (abs)        000F6D
_UEIE                                     (abs)        000F6B
_UEIR                                     (abs)        000F6A
_UEP0                                     (abs)        000F70
_UEP0bits                                 (abs)        000F70
_UEP1                                     (abs)        000F71
_UIE                                      (abs)        000F69
_UIEbits                                  (abs)        000F69
_UIR                                      (abs)        000F68
_UIRbits                                  (abs)        000F68
_USB1msTickCount                          bssCOMRAM    00002B
_USBActiveConfiguration                   bssCOMRAM    000052
_USBAlternateInterface                    bssCOMRAM    00004F
_USBBusIsSuspended                        bssCOMRAM    000042
_USBCheckCDCRequest                       text35       002310
_USBCheckStdRequest                       text28       001FCC
_USBConfigureEndpoint                     text39       0029F0
_USBCtrlEPAllowDataStage                  text27       00293C
_USBCtrlEPAllowStatusStage                text42       002526
_USBCtrlEPService                         text23       002884
_USBCtrlEPServiceComplete                 text26       001C26
_USBCtrlTrfInHandler                      text43       00241C
_USBCtrlTrfOutHandler                     text40       002C2A
_USBCtrlTrfRxService                      text41       0019A0
_USBCtrlTrfSetupHandler                   text25       002A9C
_USBCtrlTrfTxService                      text44       0020F2
_USBDeferINDataStagePackets               bssCOMRAM    00003B
_USBDeferOUTDataStagePackets              bssCOMRAM    00003A
_USBDeferStatusStagePacket                bssCOMRAM    00003E
_USBDeviceAttach                          text6        002E64
_USBDeviceInit                            text4        00170C
_USBDeviceState                           bssCOMRAM    000046
_USBDeviceTasks                           text17       000EE6
_USBEnableEndpoint                        text38       002E18
_USBIncrement1msInternalTimers            text22       002F4E
_USBStallHandler                          text21       002D68
_USBStatusStageEnabledFlag1               bssCOMRAM    00003D
_USBStatusStageEnabledFlag2               bssCOMRAM    00003C
_USBStatusStageTimeoutCounter             bssCOMRAM    00003F
_USBStdFeatureReqHandler                  text33       0008B8
_USBStdGetDscHandler                      text32       001598
_USBStdGetStatusHandler                   text31       002202
_USBStdSetCfgHandler                      text29       002618
_USBSuspend                               text20       002FDC
_USBTicksSinceSuspendEnd                  bssCOMRAM    000039
_USBTransferOnePacket                     text14       001AE4
_USBWakeFromSuspend                       text19       002EA6
_USB_CD_Ptr                               smallconst   000811
_USB_SD_Ptr                               smallconst   00080B
_USER_USB_CALLBACK_EVENT_HANDLER          text34       002B2C
_USTAT                                    (abs)        000F6C
_USTATcopy                                bssCOMRAM    000051
__CFG_BOR$ON                              (abs)        000000
__CFG_BORV$3                              (abs)        000000
__CFG_CCP2MX$ON                           (abs)        000000
__CFG_CP0$OFF                             (abs)        000000
__CFG_CP1$OFF                             (abs)        000000
__CFG_CP2$OFF                             (abs)        000000
__CFG_CP3$OFF                             (abs)        000000
__CFG_CPB$OFF                             (abs)        000000
__CFG_CPD$OFF                             (abs)        000000
__CFG_CPUDIV$OSC1_PLL2                    (abs)        000000
__CFG_EBTR0$OFF                           (abs)        000000
__CFG_EBTR1$OFF                           (abs)        000000
__CFG_EBTR2$OFF                           (abs)        000000
__CFG_EBTR3$OFF                           (abs)        000000
__CFG_EBTRB$OFF                           (abs)        000000
__CFG_FCMEN$OFF                           (abs)        000000
__CFG_FOSC$HSPLL_HS                       (abs)        000000
__CFG_IESO$OFF                            (abs)        000000
__CFG_LPT1OSC$OFF                         (abs)        000000
__CFG_LVP$OFF                             (abs)        000000
__CFG_MCLRE$ON                            (abs)        000000
__CFG_PBADEN$OFF                          (abs)        000000
__CFG_PLLDIV$2                            (abs)        000000
__CFG_PWRT$OFF                            (abs)        000000
__CFG_STVREN$ON                           (abs)        000000
__CFG_USBDIV$2                            (abs)        000000
__CFG_VREGEN$ON                           (abs)        000000
__CFG_WDT$OFF                             (abs)        000000
__CFG_WDTPS$32768                         (abs)        000000
__CFG_WRT0$OFF                            (abs)        000000
__CFG_WRT1$OFF                            (abs)        000000
__CFG_WRT2$OFF                            (abs)        000000
__CFG_WRT3$OFF                            (abs)        000000
__CFG_WRTB$OFF                            (abs)        000000
__CFG_WRTC$OFF                            (abs)        000000
__CFG_WRTD$OFF                            (abs)        000000
__CFG_XINST$OFF                           (abs)        000000
__HRAM                                    (abs)        000000
__Habs1                                   abs1         000000
__Hbank0                                  bank0        000000
__Hbank1                                  bank1        000000
__Hbank2                                  bank2        000000
__Hbank3                                  bank3        000000
__Hbank4                                  bank4        000000
__Hbank5                                  bank5        000000
__Hbank6                                  bank6        000000
__Hbank7                                  bank7        000000
__Hbigbss                                 bigbss       000000
__Hbigdata                                bigdata      000000
__Hbigram                                 bigram       000000
__Hbss                                    bss          000000
__HbssBANK0                               bssBANK0     000000
__HbssBANK1                               bssBANK1     000000
__HbssCOMRAM                              bssCOMRAM    000000
__Hcinit                                  cinit        000000
__Hclrtext                                clrtext      000000
__Hcomram                                 comram       000000
__Hconfig                                 config       30000E
__Hconst                                  const        000000
__HcstackBANK0                            cstackBANK0  000000
__HcstackBANK1                            cstackBANK1  000000
__HcstackCOMRAM                           cstackCOMRAM 000000
__Hdata                                   data         000000
__Heeprom_data                            eeprom_data  000000
__Hfarbss                                 farbss       000000
__Hfardata                                fardata      000000
__Hibigdata                               ibigdata     000000
__Hidata                                  idata        000000
__Hidloc                                  idloc        200008
__Hifardata                               ifardata     000000
__Hinit                                   init         000012
__Hintcode                                intcode      00000E
__Hintcode_body                           intcode_body 000000
__Hintcodelo                              intcodelo    00000E
__Hintentry                               intentry     000000
__Hintret                                 intret       000000
__Hintsave_regs                           intsave_regs 000000
__Hirdata                                 irdata       000000
__Hmediumconst                            mediumconst  000000
__HnvFARRAM                               nvFARRAM     000000
__Hnvbit                                  nvbit        000000
__Hnvrram                                 nvrram       000000
__Hparam                                  rparam       000000
__Hpowerup                                powerup      00000E
__Hram                                    ram          000000
__Hramtop                                 ramtop       000800
__Hrbit                                   rbit         000000
__Hrbss                                   rbss         000000
__Hrdata                                  rdata        000000
__Hreset_vec                              reset_vec    000004
__Hrparam                                 rparam       000000
__Hsfr                                    sfr          000000
__Hsmallconst                             smallconst   0008B8
__Hspace_0                                (abs)        30000E
__Hspace_1                                (abs)        00015C
__Hspace_2                                (abs)        000000
__Hstack                                  stack        000000
__Hstruct                                 struct       000000
__Htemp                                   temp         000054
__Htext                                   text         000000
__Htext0                                  text0        000000
__Htext1                                  text1        000000
__Htext10                                 text10       000000
__Htext11                                 text11       000000
__Htext12                                 text12       000000
__Htext13                                 text13       000000
__Htext14                                 text14       000000
__Htext16                                 text16       000000
__Htext17                                 text17       000000
__Htext18                                 text18       000000
__Htext19                                 text19       000000
__Htext2                                  text2        000000
__Htext20                                 text20       000000
__Htext21                                 text21       000000
__Htext22                                 text22       000000
__Htext23                                 text23       000000
__Htext24                                 text24       000000
__Htext25                                 text25       000000
__Htext26                                 text26       000000
__Htext27                                 text27       000000
__Htext28                                 text28       000000
__Htext29                                 text29       000000
__Htext3                                  text3        000000
__Htext30                                 text30       000000
__Htext31                                 text31       000000
__Htext32                                 text32       000000
__Htext33                                 text33       000000
__Htext34                                 text34       000000
__Htext35                                 text35       000000
__Htext36                                 text36       000000
__Htext37                                 text37       000000
__Htext38                                 text38       000000
__Htext39                                 text39       000000
__Htext4                                  text4        000000
__Htext40                                 text40       000000
__Htext41                                 text41       000000
__Htext42                                 text42       000000
__Htext43                                 text43       000000
__Htext44                                 text44       000000
__Htext5                                  text5        000000
__Htext6                                  text6        000000
__Htext7                                  text7        000000
__Htext8                                  text8        000000
__Htext9                                  text9        000000
__LRAM                                    (abs)        000001
__Labs1                                   abs1         000000
__Lbank0                                  bank0        000000
__Lbank1                                  bank1        000000
__Lbank2                                  bank2        000000
__Lbank3                                  bank3        000000
__Lbank4                                  bank4        000000
__Lbank5                                  bank5        000000
__Lbank6                                  bank6        000000
__Lbank7                                  bank7        000000
__Lbigbss                                 bigbss       000000
__Lbigdata                                bigdata      000000
__Lbigram                                 bigram       000000
__Lbss                                    bss          000000
__LbssBANK0                               bssBANK0     000000
__LbssBANK1                               bssBANK1     000000
__LbssCOMRAM                              bssCOMRAM    000000
__Lcinit                                  cinit        000000
__Lclrtext                                clrtext      000000
__Lcomram                                 comram       000000
__Lconfig                                 config       300000
__Lconst                                  const        000000
__LcstackBANK0                            cstackBANK0  000000
__LcstackBANK1                            cstackBANK1  000000
__LcstackCOMRAM                           cstackCOMRAM 000000
__Ldata                                   data         000000
__Leeprom_data                            eeprom_data  000000
__Lfarbss                                 farbss       000000
__Lfardata                                fardata      000000
__Libigdata                               ibigdata     000000
__Lidata                                  idata        000000
__Lidloc                                  idloc        200000
__Lifardata                               ifardata     000000
__Linit                                   init         00000E
__Lintcode                                intcode      000008
__Lintcode_body                           intcode_body 000000
__Lintcodelo                              intcodelo    00000E
__Lintentry                               intentry     000000
__Lintret                                 intret       000000
__Lintsave_regs                           intsave_regs 000000
__Lirdata                                 irdata       000000
__Lmediumconst                            mediumconst  000000
__LnvFARRAM                               nvFARRAM     000000
__Lnvbit                                  nvbit        000000
__Lnvrram                                 nvrram       000000
__Lparam                                  rparam       000000
__Lpowerup                                powerup      00000E
__Lram                                    ram          000000
__Lramtop                                 ramtop       000800
__Lrbit                                   rbit         000000
__Lrbss                                   rbss         000000
__Lrdata                                  rdata        000000
__Lreset_vec                              reset_vec    000000
__Lrparam                                 rparam       000000
__Lsfr                                    sfr          000000
__Lsmallconst                             smallconst   000800
__Lspace_0                                (abs)        000000
__Lspace_1                                (abs)        000000
__Lspace_2                                (abs)        000000
__Lstack                                  stack        000000
__Lstruct                                 struct       000000
__Ltemp                                   temp         000053
__Ltext                                   text         000000
__Ltext0                                  text0        000000
__Ltext1                                  text1        000000
__Ltext10                                 text10       000000
__Ltext11                                 text11       000000
__Ltext12                                 text12       000000
__Ltext13                                 text13       000000
__Ltext14                                 text14       000000
__Ltext16                                 text16       000000
__Ltext17                                 text17       000000
__Ltext18                                 text18       000000
__Ltext19                                 text19       000000
__Ltext2                                  text2        000000
__Ltext20                                 text20       000000
__Ltext21                                 text21       000000
__Ltext22                                 text22       000000
__Ltext23                                 text23       000000
__Ltext24                                 text24       000000
__Ltext25                                 text25       000000
__Ltext26                                 text26       000000
__Ltext27                                 text27       000000
__Ltext28                                 text28       000000
__Ltext29                                 text29       000000
__Ltext3                                  text3        000000
__Ltext30                                 text30       000000
__Ltext31                                 text31       000000
__Ltext32                                 text32       000000
__Ltext33                                 text33       000000
__Ltext34                                 text34       000000
__Ltext35                                 text35       000000
__Ltext36                                 text36       000000
__Ltext37                                 text37       000000
__Ltext38                                 text38       000000
__Ltext39                                 text39       000000
__Ltext4                                  text4        000000
__Ltext40                                 text40       000000
__Ltext41                                 text41       000000
__Ltext42                                 text42       000000
__Ltext43                                 text43       000000
__Ltext44                                 text44       000000
__Ltext5                                  text5        000000
__Ltext6                                  text6        000000
__Ltext7                                  text7        000000
__Ltext8                                  text8        000000
__Ltext9                                  text9        000000
__S0                                      (abs)        30000E
__S1                                      (abs)        00015C
__S2                                      (abs)        000000
___inthi_sp                               stack        000000
___intlo_sp                               stack        000000
___lwdiv                                  text11       002BB4
___lwdiv@counter                          cstackBANK0  0000A0
___lwdiv@dividend                         cstackBANK0  00009C
___lwdiv@divisor                          cstackBANK0  00009E
___lwdiv@quotient                         cstackBANK0  0000A1
___lwmod                                  text10       002C9E
___lwmod@counter                          cstackBANK0  0000A7
___lwmod@dividend                         cstackBANK0  0000A3
___lwmod@divisor                          cstackBANK0  0000A5
___param_bank                             (abs)        000000
___rparam_used                            (abs)        000001
___sp                                     stack        000000
___wmul                                   text12       003008
___wmul@multiplicand                      cstackBANK0  00009E
___wmul@multiplier                        cstackBANK0  00009C
___wmul@product                           cstackBANK0  0000A0
__accesstop                               (abs)        000060
__activetblptr                            (abs)        000002
__end_of_CDCInitEP                        text36       002D68
__end_of_CDCTxService                     text13       0012AA
__end_of_DIGIT_MAP                        smallconst   00080B
__end_of_USBCheckCDCRequest               text35       00241C
__end_of_USBCheckStdRequest               text28       0020F2
__end_of_USBConfigureEndpoint             text39       002A9C
__end_of_USBCtrlEPAllowDataStage          text27       0029F0
__end_of_USBCtrlEPAllowStatusStage        text42       002618
__end_of_USBCtrlEPService                 text23       00293C
__end_of_USBCtrlEPServiceComplete         text26       001D68
__end_of_USBCtrlTrfInHandler              text43       002526
__end_of_USBCtrlTrfOutHandler             text40       002C9E
__end_of_USBCtrlTrfRxService              text41       001AE4
__end_of_USBCtrlTrfSetupHandler           text25       002B2C
__end_of_USBCtrlTrfTxService              text44       002202
__end_of_USBDeviceAttach                  text6        002EA6
__end_of_USBDeviceInit                    text4        001856
__end_of_USBDeviceTasks                   text17       00110E
__end_of_USBEnableEndpoint                text38       002E64
__end_of_USBIncrement1msInternalTimers    text22       002F80
__end_of_USBStallHandler                  text21       002DC8
__end_of_USBStdFeatureReqHandler          text33       000C14
__end_of_USBStdGetDscHandler              text32       00170C
__end_of_USBStdGetStatusHandler           text31       002310
__end_of_USBStdSetCfgHandler              text29       002702
__end_of_USBSuspend                       text20       003008
__end_of_USBTransferOnePacket             text14       001C26
__end_of_USBWakeFromSuspend               text19       002EE4
__end_of_USB_CD_Ptr                       smallconst   000813
__end_of_USB_SD_Ptr                       smallconst   000811
__end_of_USER_USB_CALLBACK_EVENT_HANDLER  text34       002BB4
__end_of___lwdiv                          text11       002C2A
__end_of___lwmod                          text10       002D04
__end_of___wmul                           text12       003030
__end_of__initialization                  cinit        002F40
__end_of_configDescriptor1                smallconst   000856
__end_of_device_dsc                       smallconst   0008AE
__end_of_displayScore                     text9        001FCC
__end_of_getsUSBUSART                     text8        002884
__end_of_initTimer0                       text7        00304C
__end_of_initUSBLib                       text3        00303E
__end_of_isUSBReady                       text2        002F1C
__end_of_main                             text0        000EE6
__end_of_mainISR                          intcode_body 0027CC
__end_of_memcpy                           text24       002E18
__end_of_memset                           text5        001422
__end_of_processUSBTasks                  text16       002FB0
__end_of_putUSBUSART                      text1        002FDC
__end_of_sd000                            smallconst   0008B2
__end_of_sd001                            smallconst   00087C
__end_of_sd002                            smallconst   00089C
__end_ofi2_USBDeviceInit                  text18       0019A0
__end_ofi2_USBTransferOnePacket           text37       001EA6
__end_ofi2_memset                         text30       001598
__end_ofmain@msg                          smallconst   0008B6
__initialization                          cinit        002F1C
__mediumconst                             mediumconst  000000
__pbssBANK0                               bssBANK0     000060
__pbssBANK1                               bssBANK1     000152
__pbssCOMRAM                              bssCOMRAM    00002B
__pcinit                                  cinit        002F1C
__pcstackBANK0                            cstackBANK0  00009C
__pcstackBANK1                            cstackBANK1  000100
__pcstackCOMRAM                           cstackCOMRAM 000001
__pintcode                                intcode      000008
__pintcode_body                           intcode_body 002702
__psmallconst                             smallconst   000800
__ptext0                                  text0        000C14
__ptext1                                  text1        002FB0
__ptext10                                 text10       002C9E
__ptext11                                 text11       002BB4
__ptext12                                 text12       003008
__ptext13                                 text13       00110E
__ptext14                                 text14       001AE4
__ptext16                                 text16       002F80
__ptext17                                 text17       000EE6
__ptext18                                 text18       001856
__ptext19                                 text19       002EA6
__ptext2                                  text2        002EE4
__ptext20                                 text20       002FDC
__ptext21                                 text21       002D68
__ptext22                                 text22       002F4E
__ptext23                                 text23       002884
__ptext24                                 text24       002DC8
__ptext25                                 text25       002A9C
__ptext26                                 text26       001C26
__ptext27                                 text27       00293C
__ptext28                                 text28       001FCC
__ptext29                                 text29       002618
__ptext3                                  text3        003030
__ptext30                                 text30       001422
__ptext31                                 text31       002202
__ptext32                                 text32       001598
__ptext33                                 text33       0008B8
__ptext34                                 text34       002B2C
__ptext35                                 text35       002310
__ptext36                                 text36       002D04
__ptext37                                 text37       001D68
__ptext38                                 text38       002E18
__ptext39                                 text39       0029F0
__ptext4                                  text4        00170C
__ptext40                                 text40       002C2A
__ptext41                                 text41       0019A0
__ptext42                                 text42       002526
__ptext43                                 text43       00241C
__ptext44                                 text44       0020F2
__ptext5                                  text5        0012AA
__ptext6                                  text6        002E64
__ptext7                                  text7        00303E
__ptext8                                  text8        0027CC
__ptext9                                  text9        001EA6
__ramtop                                  ramtop       000800
__size_of_CDCInitEP                       (abs)        000000
__size_of_CDCTxService                    (abs)        000000
__size_of_USBCheckCDCRequest              (abs)        000000
__size_of_USBCheckStdRequest              (abs)        000000
__size_of_USBConfigureEndpoint            (abs)        000000
__size_of_USBCtrlEPAllowDataStage         (abs)        000000
__size_of_USBCtrlEPAllowStatusStage       (abs)        000000
__size_of_USBCtrlEPService                (abs)        000000
__size_of_USBCtrlEPServiceComplete        (abs)        000000
__size_of_USBCtrlTrfInHandler             (abs)        000000
__size_of_USBCtrlTrfOutHandler            (abs)        000000
__size_of_USBCtrlTrfRxService             (abs)        000000
__size_of_USBCtrlTrfSetupHandler          (abs)        000000
__size_of_USBCtrlTrfTxService             (abs)        000000
__size_of_USBDeviceAttach                 (abs)        000000
__size_of_USBDeviceInit                   (abs)        000000
__size_of_USBDeviceTasks                  (abs)        000000
__size_of_USBEnableEndpoint               (abs)        000000
__size_of_USBIncrement1msInternalTimers   (abs)        000000
__size_of_USBStallHandler                 (abs)        000000
__size_of_USBStdFeatureReqHandler         (abs)        000000
__size_of_USBStdGetDscHandler             (abs)        000000
__size_of_USBStdGetStatusHandler          (abs)        000000
__size_of_USBStdSetCfgHandler             (abs)        000000
__size_of_USBSuspend                      (abs)        000000
__size_of_USBTransferOnePacket            (abs)        000000
__size_of_USBWakeFromSuspend              (abs)        000000
__size_of_USER_USB_CALLBACK_EVENT_HANDLER (abs)        000000
__size_of___lwdiv                         (abs)        000000
__size_of___lwmod                         (abs)        000000
__size_of___wmul                          (abs)        000000
__size_of_displayScore                    (abs)        000000
__size_of_getsUSBUSART                    (abs)        000000
__size_of_initTimer0                      (abs)        000000
__size_of_initUSBLib                      (abs)        000000
__size_of_isUSBReady                      (abs)        000000
__size_of_main                            (abs)        000000
__size_of_mainISR                         (abs)        000000
__size_of_memcpy                          (abs)        000000
__size_of_memset                          (abs)        000000
__size_of_processUSBTasks                 (abs)        000000
__size_of_putUSBUSART                     (abs)        000000
__size_ofi2_USBDeviceInit                 (abs)        000000
__size_ofi2_USBTransferOnePacket          (abs)        000000
__size_ofi2_memset                        (abs)        000000
__smallconst                              smallconst   000800
_buzzerActive                             bssCOMRAM    000047
_buzzerCounter                            bssCOMRAM    000035
_cdc_data_rx                              (abs)        000540
_cdc_data_tx                              (abs)        000500
_cdc_mem_type                             bssBANK0     000090
_cdc_notice                               bssBANK1     000152
_cdc_rx_len                               bssBANK0     000092
_cdc_trf_state                            bssCOMRAM    000038
_cdc_tx_len                               bssBANK0     000091
_configDescriptor1                        smallconst   000813
_controlTransferState                     bssCOMRAM    000044
_control_signal_bitmap                    bssCOMRAM    000037
_currentState                             bssBANK0     000093
_device_dsc                               smallconst   00089C
_displayScore                             text9        001EA6
_dummy_encapsulated_cmd_response          bssBANK0     000094
_endpoint_number                          bssCOMRAM    000041
_ep_data_in                               bssBANK0     000087
_ep_data_out                              bssBANK0     000084
_getsUSBUSART                             text8        0027CC
_inPipes                                  bssBANK0     000068
_initTimer0                               text7        00303E
_initUSBLib                               text3        003030
_isUSBReady                               text2        002EE4
_isUSBReady$494                           cstackBANK0  00009C
_line_coding                              bssCOMRAM    000048
_main                                     text0        000C14
_mainISR                                  intcode      000008
_memcpy                                   text24       002DC8
_memset                                   text5        0012AA
_outPipes                                 bssBANK0     000060
_pBDTEntryEP0OutCurrent                   bssCOMRAM    000033
_pBDTEntryEP0OutNext                      bssCOMRAM    000031
_pBDTEntryIn                              bssBANK0     00006E
_pBDTEntryOut                             bssBANK0     000074
_pCDCDst                                  bssBANK0     00007E
_pCDCSrc                                  bssBANK0     000081
_pDst                                     bssCOMRAM    00002F
_processUSBTasks                          text16       002F80
_putUSBUSART                              text1        002FB0
_score                                    bssBANK0     00008E
_sd000                                    smallconst   0008AE
_sd001                                    smallconst   000856
_sd002                                    smallconst   00087C
_shortPacketStatus                        bssCOMRAM    000045
btemp                                     temp         000053
displayScore@hundreds                     cstackBANK0  0000AD
displayScore@score                        cstackBANK0  0000A8
displayScore@tens                         cstackBANK0  0000AC
displayScore@units                        cstackBANK0  0000AB
end_of_initialization                     cinit        002F40
getsUSBUSART@buffer                       cstackBANK0  0000A7
getsUSBUSART@len                          cstackBANK0  0000A9
i2USBDeviceInit@i                         cstackCOMRAM 00000D
i2USBTransferOnePacket@data               cstackCOMRAM 000002
i2USBTransferOnePacket@dir                cstackCOMRAM 000001
i2USBTransferOnePacket@ep                 cstackCOMRAM 000009
i2USBTransferOnePacket@handle             cstackCOMRAM 00000A
i2USBTransferOnePacket@len                cstackCOMRAM 000004
i2_USBDeviceInit                          text18       001856
i2_USBTransferOnePacket                   text37       001D68
i2_memset                                 text30       001422
i2memset@c                                cstackCOMRAM 000003
i2memset@dest                             cstackCOMRAM 000001
i2memset@k                                cstackCOMRAM 000009
i2memset@n                                cstackCOMRAM 000005
i2memset@s                                cstackCOMRAM 00000B
int$flags                                 temp         000053
int_func                                  intcode_body 002702
intlevel0                                 text         000000
intlevel1                                 text         000000
intlevel2                                 text         000000
intlevel3                                 text         000000
main@i                                    cstackBANK1  000151
main@j                                    cstackBANK1  00014F
main@j_343                                cstackBANK1  00014E
main@lastState                            cstackBANK1  00014A
main@msg                                  smallconst   0008B2
main@newScore                             cstackBANK1  00014B
main@rxBuffer                             cstackBANK1  000100
main@rxLength                             cstackBANK1  00014D
main@scoreBuffer                          cstackBANK1  000140
main@scoreIndex                           cstackBANK1  000150
memcpy@d                                  cstackCOMRAM 000007
memcpy@d1                                 cstackCOMRAM 000001
memcpy@n                                  cstackCOMRAM 000005
memcpy@s                                  cstackCOMRAM 000009
memcpy@s1                                 cstackCOMRAM 000003
memcpy@tmp                                cstackCOMRAM 00000B
memset@c                                  cstackBANK0  00009E
memset@dest                               cstackBANK0  00009C
memset@k                                  cstackBANK0  0000A4
memset@n                                  cstackBANK0  0000A0
memset@s                                  cstackBANK0  0000A6
putUSBUSART@data                          cstackBANK0  00009C
putUSBUSART@length                        cstackBANK0  00009E
stackhi                                   (abs)        0003FF
stacklo                                   (abs)        00015C
start                                     init         00000E
start_initialization                      cinit        002F1C
ttemp5                                    temp         000054
ttemp6                                    temp         000057
ttemp7                                    temp         00005B
wtemp8                                    temp         000054


FUNCTION INFORMATION:

 *************** function _main *****************
 Defined at:
		line 92 in file "main.c"
 Parameters:    Size  Location     Type
		None
 Auto vars:     Size  Location     Type
  j               1   78[BANK1 ] unsigned char 
  j               1   79[BANK1 ] unsigned char 
  newScore        2   75[BANK1 ] unsigned int 
  i               1   81[BANK1 ] unsigned char 
  rxBuffer       64    0[BANK1 ] unsigned char [64]
  scoreBuffer    10   64[BANK1 ] unsigned char [10]
  scoreIndex      1   80[BANK1 ] unsigned char 
  rxLength        1   77[BANK1 ] unsigned char 
  lastState       1   74[BANK1 ] unsigned char 
 Return value:  Size  Location     Type
                  1    wreg      void 
 Registers used:
		wreg, fsr1l, fsr1h, fsr2l, fsr2h, status,2, status,0, tblptrl, tblptrh, tblptru, prodl, prodh, cstack
 Tracked objects:
		On entry : 
		On exit  : 
		Unchanged: 
 Data sizes:     COMRAM   BANK0   BANK1   BANK2   BANK3  BANK4h  BANK4l   BANK5   BANK6   BANK7
      Params:         0       0       0       0       0       0       0       0       0       0
      Locals:         0       0      82       0       0       0       0       0       0       0
      Temps:          0       2       0       0       0       0       0       0       0       0
      Totals:         0       2      82       0       0       0       0       0       0       0
Total ram usage:       84 bytes
 Hardware stack levels required when called:   14
 This function calls:
		_CDCTxService
		___wmul
		_displayScore
		_getsUSBUSART
		_initTimer0
		_initUSBLib
		_isUSBReady
		_putUSBUSART
 This function is called by:
		Startup code after reset
 This function uses a non-reentrant model


 *************** function _putUSBUSART *****************
 Defined at:
		line 556 in file "usb_device_cdc.c"
 Parameters:    Size  Location     Type
  data            2    0[BANK0 ] PTR unsigned char 
		 -> main@msg(4), 
  length          1    2[BANK0 ] unsigned char 
 Auto vars:     Size  Location     Type
		None
 Return value:  Size  Location     Type
                  1    wreg      void 
 Registers used:
		wreg, status,2, status,0
 Tracked objects:
		On entry : 
		On exit  : 
		Unchanged: 
 Data sizes:     COMRAM   BANK0   BANK1   BANK2   BANK3  BANK4h  BANK4l   BANK5   BANK6   BANK7
      Params:         0       3       0       0       0       0       0       0       0       0
      Locals:         0       0       0       0       0       0       0       0       0       0
      Temps:          0       0       0       0       0       0       0       0       0       0
      Totals:         0       3       0       0       0       0       0       0       0       0
Total ram usage:        3 bytes
 Hardware stack levels used:    1
 Hardware stack levels required when called:   11
 This function calls:
		Nothing
 This function is called by:
		_main
 This function uses a non-reentrant model


 *************** function _isUSBReady *****************
 Defined at:
		line 31 in file "usb_cdc_lib.c"
 Parameters:    Size  Location     Type
		None
 Auto vars:     Size  Location     Type
		None
 Return value:  Size  Location     Type
                  1    wreg      unsigned char 
 Registers used:
		wreg, status,2, status,0
 Tracked objects:
		On entry : 
		On exit  : 
		Unchanged: 
 Data sizes:     COMRAM   BANK0   BANK1   BANK2   BANK3  BANK4h  BANK4l   BANK5   BANK6   BANK7
      Params:         0       0       0       0       0       0       0       0       0       0
      Locals:         0       2       0       0       0       0       0       0       0       0
      Temps:          0       0       0       0       0       0       0       0       0       0
      Totals:         0       2       0       0       0       0       0       0       0       0
Total ram usage:        2 bytes
 Hardware stack levels used:    1
 Hardware stack levels required when called:   11
 This function calls:
		Nothing
 This function is called by:
		_main
 This function uses a non-reentrant model


 *************** function _initUSBLib *****************
 Defined at:
		line 10 in file "usb_cdc_lib.c"
 Parameters:    Size  Location     Type
		None
 Auto vars:     Size  Location     Type
		None
 Return value:  Size  Location     Type
                  1    wreg      void 
 Registers used:
		wreg, fsr2l, fsr2h, status,2, status,0, prodl, prodh, cstack
 Tracked objects:
		On entry : 
		On exit  : 
		Unchanged: 
 Data sizes:     COMRAM   BANK0   BANK1   BANK2   BANK3  BANK4h  BANK4l   BANK5   BANK6   BANK7
      Params:         0       0       0       0       0       0       0       0       0       0
      Locals:         0       0       0       0       0       0       0       0       0       0
      Temps:          0       0       0       0       0       0       0       0       0       0
      Totals:         0       0       0       0       0       0       0       0       0       0
Total ram usage:        0 bytes
 Hardware stack levels used:    1
 Hardware stack levels required when called:   13
 This function calls:
		_USBDeviceAttach
		_USBDeviceInit
 This function is called by:
		_main
 This function uses a non-reentrant model


 *************** function _USBDeviceInit *****************
 Defined at:
		line 281 in file "usb_device.c"
 Parameters:    Size  Location     Type
		None
 Auto vars:     Size  Location     Type
  i               1   12[BANK0 ] unsigned char 
 Return value:  Size  Location     Type
                  1    wreg      void 
 Registers used:
		wreg, fsr2l, fsr2h, status,2, status,0, prodl, prodh, cstack
 Tracked objects:
		On entry : 
		On exit  : 
		Unchanged: 
 Data sizes:     COMRAM   BANK0   BANK1   BANK2   BANK3  BANK4h  BANK4l   BANK5   BANK6   BANK7
      Params:         0       0       0       0       0       0       0       0       0       0
      Locals:         0       1       0       0       0       0       0       0       0       0
      Temps:          0       0       0       0       0       0       0       0       0       0
      Totals:         0       1       0       0       0       0       0       0       0       0
Total ram usage:        1 bytes
 Hardware stack levels used:    1
 Hardware stack levels required when called:   12
 This function calls:
		_memset
 This function is called by:
		_initUSBLib
 This function uses a non-reentrant model


 *************** function _memset *****************
 Defined at:
		line 4 in file "C:\Program Files (x86)\Microchip\xc8\v2.10\pic\sources\c99\common\memset.c"
 Parameters:    Size  Location     Type
  dest            2    0[BANK0 ] PTR void 
		 -> USBAlternateInterface(2), BDT(48), UEP1(1), 
  c               2    2[BANK0 ] int 
  n               2    4[BANK0 ] unsigned int 
 Auto vars:     Size  Location     Type
  s               2   10[BANK0 ] PTR unsigned char 
		 -> USBAlternateInterface(2), BDT(48), UEP1(1), 
  k               2    8[BANK0 ] unsigned int 
 Return value:  Size  Location     Type
                  2    0[BANK0 ] PTR void 
 Registers used:
		wreg, fsr2l, fsr2h, status,2, status,0
 Tracked objects:
		On entry : 
		On exit  : 
		Unchanged: 
 Data sizes:     COMRAM   BANK0   BANK1   BANK2   BANK3  BANK4h  BANK4l   BANK5   BANK6   BANK7
      Params:         0       6       0       0       0       0       0       0       0       0
      Locals:         0       4       0       0       0       0       0       0       0       0
      Temps:          0       2       0       0       0       0       0       0       0       0
      Totals:         0      12       0       0       0       0       0       0       0       0
Total ram usage:       12 bytes
 Hardware stack levels used:    1
 Hardware stack levels required when called:   11
 This function calls:
		Nothing
 This function is called by:
		_USBDeviceInit
 This function uses a non-reentrant model


 *************** function _USBDeviceAttach *****************
 Defined at:
		line 1358 in file "usb_device.c"
 Parameters:    Size  Location     Type
		None
 Auto vars:     Size  Location     Type
		None
 Return value:  Size  Location     Type
                  1    wreg      void 
 Registers used:
		wreg, status,2
 Tracked objects:
		On entry : 
		On exit  : 
		Unchanged: 
 Data sizes:     COMRAM   BANK0   BANK1   BANK2   BANK3  BANK4h  BANK4l   BANK5   BANK6   BANK7
      Params:         0       0       0       0       0       0       0       0       0       0
      Locals:         0       0       0       0       0       0       0       0       0       0
      Temps:          0       0       0       0       0       0       0       0       0       0
      Totals:         0       0       0       0       0       0       0       0       0       0
Total ram usage:        0 bytes
 Hardware stack levels used:    1
 Hardware stack levels required when called:   11
 This function calls:
		Nothing
 This function is called by:
		_initUSBLib
 This function uses a non-reentrant model


 *************** function _initTimer0 *****************
 Defined at:
		line 54 in file "main.c"
 Parameters:    Size  Location     Type
		None
 Auto vars:     Size  Location     Type
		None
 Return value:  Size  Location     Type
                  1    wreg      void 
 Registers used:
		wreg, status,2
 Tracked objects:
		On entry : 
		On exit  : 
		Unchanged: 
 Data sizes:     COMRAM   BANK0   BANK1   BANK2   BANK3  BANK4h  BANK4l   BANK5   BANK6   BANK7
      Params:         0       0       0       0       0       0       0       0       0       0
      Locals:         0       0       0       0       0       0       0       0       0       0
      Temps:          0       0       0       0       0       0       0       0       0       0
      Totals:         0       0       0       0       0       0       0       0       0       0
Total ram usage:        0 bytes
 Hardware stack levels used:    1
 Hardware stack levels required when called:   11
 This function calls:
		Nothing
 This function is called by:
		_main
 This function uses a non-reentrant model


 *************** function _getsUSBUSART *****************
 Defined at:
		line 485 in file "usb_device_cdc.c"
 Parameters:    Size  Location     Type
  buffer          2   11[BANK0 ] PTR unsigned char 
		 -> main@rxBuffer(64), 
  len             1   13[BANK0 ] unsigned char 
 Auto vars:     Size  Location     Type
		None
 Return value:  Size  Location     Type
                  1    wreg      unsigned char 
 Registers used:
		wreg, fsr1l, fsr1h, fsr2l, fsr2h, status,2, status,0, prodl, prodh, cstack
 Tracked objects:
		On entry : 
		On exit  : 
		Unchanged: 
 Data sizes:     COMRAM   BANK0   BANK1   BANK2   BANK3  BANK4h  BANK4l   BANK5   BANK6   BANK7
      Params:         0       3       0       0       0       0       0       0       0       0
      Locals:         0       0       0       0       0       0       0       0       0       0
      Temps:          0       1       0       0       0       0       0       0       0       0
      Totals:         0       4       0       0       0       0       0       0       0       0
Total ram usage:        4 bytes
 Hardware stack levels used:    1
 Hardware stack levels required when called:   12
 This function calls:
		_USBTransferOnePacket
 This function is called by:
		_main
 This function uses a non-reentrant model


 *************** function _displayScore *****************
 Defined at:
		line 62 in file "main.c"
 Parameters:    Size  Location     Type
  score           2   12[BANK0 ] unsigned int 
 Auto vars:     Size  Location     Type
  hundreds        1   17[BANK0 ] unsigned char 
  tens            1   16[BANK0 ] unsigned char 
  units           1   15[BANK0 ] unsigned char 
 Return value:  Size  Location     Type
                  1    wreg      void 
 Registers used:
		wreg, status,2, status,0, tblptrl, tblptrh, tblptru, cstack
 Tracked objects:
		On entry : 
		On exit  : 
		Unchanged: 
 Data sizes:     COMRAM   BANK0   BANK1   BANK2   BANK3  BANK4h  BANK4l   BANK5   BANK6   BANK7
      Params:         0       2       0       0       0       0       0       0       0       0
      Locals:         0       3       0       0       0       0       0       0       0       0
      Temps:          0       1       0       0       0       0       0       0       0       0
      Totals:         0       6       0       0       0       0       0       0       0       0
Total ram usage:        6 bytes
 Hardware stack levels used:    1
 Hardware stack levels required when called:   12
 This function calls:
		___lwdiv
		___lwmod
 This function is called by:
		_main
 This function uses a non-reentrant model


 *************** function ___lwmod *****************
 Defined at:
		line 7 in file "C:\Program Files (x86)\Microchip\xc8\v2.10\pic\sources\c99\common\lwmod.c"
 Parameters:    Size  Location     Type
  dividend        2    7[BANK0 ] unsigned int 
  divisor         2    9[BANK0 ] unsigned int 
 Auto vars:     Size  Location     Type
  counter         1   11[BANK0 ] unsigned char 
 Return value:  Size  Location     Type
                  2    7[BANK0 ] unsigned int 
 Registers used:
		wreg, status,2, status,0
 Tracked objects:
		On entry : 
		On exit  : 
		Unchanged: 
 Data sizes:     COMRAM   BANK0   BANK1   BANK2   BANK3  BANK4h  BANK4l   BANK5   BANK6   BANK7
      Params:         0       4       0       0       0       0       0       0       0       0
      Locals:         0       1       0       0       0       0       0       0       0       0
      Temps:          0       0       0       0       0       0       0       0       0       0
      Totals:         0       5       0       0       0       0       0       0       0       0
Total ram usage:        5 bytes
 Hardware stack levels used:    1
 Hardware stack levels required when called:   11
 This function calls:
		Nothing
 This function is called by:
		_displayScore
 This function uses a non-reentrant model


 *************** function ___lwdiv *****************
 Defined at:
		line 7 in file "C:\Program Files (x86)\Microchip\xc8\v2.10\pic\sources\c99\common\lwdiv.c"
 Parameters:    Size  Location     Type
  dividend        2    0[BANK0 ] unsigned int 
  divisor         2    2[BANK0 ] unsigned int 
 Auto vars:     Size  Location     Type
  quotient        2    5[BANK0 ] unsigned int 
  counter         1    4[BANK0 ] unsigned char 
 Return value:  Size  Location     Type
                  2    0[BANK0 ] unsigned int 
 Registers used:
		wreg, status,2, status,0
 Tracked objects:
		On entry : 
		On exit  : 
		Unchanged: 
 Data sizes:     COMRAM   BANK0   BANK1   BANK2   BANK3  BANK4h  BANK4l   BANK5   BANK6   BANK7
      Params:         0       4       0       0       0       0       0       0       0       0
      Locals:         0       3       0       0       0       0       0       0       0       0
      Temps:          0       0       0       0       0       0       0       0       0       0
      Totals:         0       7       0       0       0       0       0       0       0       0
Total ram usage:        7 bytes
 Hardware stack levels used:    1
 Hardware stack levels required when called:   11
 This function calls:
		Nothing
 This function is called by:
		_displayScore
 This function uses a non-reentrant model


 *************** function ___wmul *****************
 Defined at:
		line 15 in file "C:\Program Files (x86)\Microchip\xc8\v2.10\pic\sources\c99\common\Umul16.c"
 Parameters:    Size  Location     Type
  multiplier      2    0[BANK0 ] unsigned int 
  multiplicand    2    2[BANK0 ] unsigned int 
 Auto vars:     Size  Location     Type
  product         2    4[BANK0 ] unsigned int 
 Return value:  Size  Location     Type
                  2    0[BANK0 ] unsigned int 
 Registers used:
		wreg, status,2, status,0, prodl, prodh
 Tracked objects:
		On entry : 
		On exit  : 
		Unchanged: 
 Data sizes:     COMRAM   BANK0   BANK1   BANK2   BANK3  BANK4h  BANK4l   BANK5   BANK6   BANK7
      Params:         0       4       0       0       0       0       0       0       0       0
      Locals:         0       2       0       0       0       0       0       0       0       0
      Temps:          0       0       0       0       0       0       0       0       0       0
      Totals:         0       6       0       0       0       0       0       0       0       0
Total ram usage:        6 bytes
 Hardware stack levels used:    1
 Hardware stack levels required when called:   11
 This function calls:
		Nothing
 This function is called by:
		_main
 This function uses a non-reentrant model


 *************** function _CDCTxService *****************
 Defined at:
		line 836 in file "usb_device_cdc.c"
 Parameters:    Size  Location     Type
		None
 Auto vars:     Size  Location     Type
  byte_to_send    1   12[BANK0 ] unsigned char 
  i               1   11[BANK0 ] unsigned char 
 Return value:  Size  Location     Type
                  1    wreg      void 
 Registers used:
		wreg, fsr2l, fsr2h, status,2, status,0, tblptrl, tblptrh, tblptru, prodl, prodh, cstack
 Tracked objects:
		On entry : 
		On exit  : 
		Unchanged: 
 Data sizes:     COMRAM   BANK0   BANK1   BANK2   BANK3  BANK4h  BANK4l   BANK5   BANK6   BANK7
      Params:         0       0       0       0       0       0       0       0       0       0
      Locals:         0       2       0       0       0       0       0       0       0       0
      Temps:          0       0       0       0       0       0       0       0       0       0
      Totals:         0       2       0       0       0       0       0       0       0       0
Total ram usage:        2 bytes
 Hardware stack levels used:    1
 Hardware stack levels required when called:   12
 This function calls:
		_USBTransferOnePacket
 This function is called by:
		_main
 This function uses a non-reentrant model


 *************** function _USBTransferOnePacket *****************
 Defined at:
		line 1001 in file "usb_device.c"
 Parameters:    Size  Location     Type
  ep              1    wreg     unsigned char 
  dir             1    0[BANK0 ] unsigned char 
  data            2    1[BANK0 ] PTR unsigned char 
		 -> cdc_data_tx(64), cdc_data_rx(64), NULL(0), 
  len             1    3[BANK0 ] unsigned char 
 Auto vars:     Size  Location     Type
  ep              1    8[BANK0 ] unsigned char 
  handle          2    9[BANK0 ] PTR volatile struct __BD
		 -> RAM(2047), NULL(0), BDT(48), 
 Return value:  Size  Location     Type
                  2    0[BANK0 ] PTR void 
 Registers used:
		wreg, fsr2l, fsr2h, status,2, status,0, prodl, prodh
 Tracked objects:
		On entry : 
		On exit  : 
		Unchanged: 
 Data sizes:     COMRAM   BANK0   BANK1   BANK2   BANK3  BANK4h  BANK4l   BANK5   BANK6   BANK7
      Params:         0       4       0       0       0       0       0       0       0       0
      Locals:         0       3       0       0       0       0       0       0       0       0
      Temps:          0       4       0       0       0       0       0       0       0       0
      Totals:         0      11       0       0       0       0       0       0       0       0
Total ram usage:       11 bytes
 Hardware stack levels used:    1
 Hardware stack levels required when called:   11
 This function calls:
		Nothing
 This function is called by:
		_getsUSBUSART
		_CDCTxService
		_USBCDCEventHandler
 This function uses a non-reentrant model


 *************** function _mainISR *****************
 Defined at:
		line 27 in file "main.c"
 Parameters:    Size  Location     Type
		None
 Auto vars:     Size  Location     Type
		None
 Return value:  Size  Location     Type
                  1    wreg      void 
 Registers used:
		wreg, fsr1l, fsr1h, fsr2l, fsr2h, status,2, status,0, tblptrl, tblptrh, tblptru, prodl, prodh, cstack
 Tracked objects:
		On entry : 
		On exit  : 
		Unchanged: 
 Data sizes:     COMRAM   BANK0   BANK1   BANK2   BANK3  BANK4h  BANK4l   BANK5   BANK6   BANK7
      Params:         0       0       0       0       0       0       0       0       0       0
      Locals:         0       0       0       0       0       0       0       0       0       0
      Temps:         11       0       0       0       0       0       0       0       0       0
      Totals:        11       0       0       0       0       0       0       0       0       0
Total ram usage:       11 bytes
 Hardware stack levels used:    1
 Hardware stack levels required when called:   10
 This function calls:
		_processUSBTasks
 This function is called by:
		Interrupt level 2
 This function uses a non-reentrant model


 *************** function _processUSBTasks *****************
 Defined at:
		line 20 in file "usb_cdc_lib.c"
 Parameters:    Size  Location     Type
		None
 Auto vars:     Size  Location     Type
		None
 Return value:  Size  Location     Type
                  1    wreg      void 
 Registers used:
		wreg, fsr1l, fsr1h, fsr2l, fsr2h, status,2, status,0, tblptrl, tblptrh, tblptru, prodl, prodh, cstack
 Tracked objects:
		On entry : 
		On exit  : 
		Unchanged: 
 Data sizes:     COMRAM   BANK0   BANK1   BANK2   BANK3  BANK4h  BANK4l   BANK5   BANK6   BANK7
      Params:         0       0       0       0       0       0       0       0       0       0
      Locals:         0       0       0       0       0       0       0       0       0       0
      Temps:          0       0       0       0       0       0       0       0       0       0
      Totals:         0       0       0       0       0       0       0       0       0       0
Total ram usage:        0 bytes
 Hardware stack levels used:    1
 Hardware stack levels required when called:    9
 This function calls:
		_USBDeviceTasks
 This function is called by:
		_mainISR
 This function uses a non-reentrant model


 *************** function _USBDeviceTasks *****************
 Defined at:
		line 481 in file "usb_device.c"
 Parameters:    Size  Location     Type
		None
 Auto vars:     Size  Location     Type
  i               1   30[COMRAM] unsigned char 
 Return value:  Size  Location     Type
                  1    wreg      void 
 Registers used:
		wreg, fsr1l, fsr1h, fsr2l, fsr2h, status,2, status,0, tblptrl, tblptrh, tblptru, prodl, prodh, cstack
 Tracked objects:
		On entry : 
		On exit  : 
		Unchanged: 
 Data sizes:     COMRAM   BANK0   BANK1   BANK2   BANK3  BANK4h  BANK4l   BANK5   BANK6   BANK7
      Params:         0       0       0       0       0       0       0       0       0       0
      Locals:         1       0       0       0       0       0       0       0       0       0
      Temps:          0       0       0       0       0       0       0       0       0       0
      Totals:         1       0       0       0       0       0       0       0       0       0
Total ram usage:        1 bytes
 Hardware stack levels used:    1
 Hardware stack levels required when called:    8
 This function calls:
		_USBCtrlEPAllowStatusStage
		_USBCtrlEPService
		_USBIncrement1msInternalTimers
		_USBStallHandler
		_USBSuspend
		_USBWakeFromSuspend
		_USER_USB_CALLBACK_EVENT_HANDLER
		i2_USBDeviceInit
 This function is called by:
		_processUSBTasks
 This function uses a non-reentrant model


 *************** function i2_USBDeviceInit *****************
 Defined at:
		line 281 in file "usb_device.c"
 Parameters:    Size  Location     Type
		None
 Auto vars:     Size  Location     Type
  USBDeviceIni    1   12[COMRAM] unsigned char 
 Return value:  Size  Location     Type
                  1    wreg      void 
 Registers used:
		wreg, fsr2l, fsr2h, status,2, status,0, prodl, prodh, cstack
 Tracked objects:
		On entry : 
		On exit  : 
[...]
		On entry : 
		On exit  : 
		Unchanged: 
 Data sizes:     COMRAM   BANK0   BANK1   BANK2   BANK3  BANK4h  BANK4l   BANK5   BANK6   BANK7
      Params:         0       0       0       0       0       0       0       0       0       0
      Locals:         0       0       0       0       0       0       0       0       0       0
      Temps:          2       0       0       0       0       0       0       0       0       0
      Totals:         2       0       0       0       0       0       0       0       0       0
Total ram usage:        2 bytes
 Hardware stack levels used:    1
 This function calls:
		Nothing
 This function is called by:
		_USBCheckStdRequest
 This function uses a non-reentrant model


 *************** function _USBStdFeatureReqHandler *****************
 Defined at:
		line 2760 in file "usb_device.c"
 Parameters:    Size  Location     Type
		None
 Auto vars:     Size  Location     Type
  p               2   25[COMRAM] PTR struct __BDT
		 -> RAM(2047), NULL(0), BDT(48), 
  pUEP            2   22[COMRAM] PTR unsigned char 
		 -> UEP0(1), 
  current_ep_d    1   24[COMRAM] struct .
 Return value:  Size  Location     Type
                  1    wreg      void 
 Registers used:
		wreg, fsr2l, fsr2h, status,2, status,0, prodl, prodh, cstack
 Tracked objects:
		On entry : 
		On exit  : 
		Unchanged: 
 Data sizes:     COMRAM   BANK0   BANK1   BANK2   BANK3  BANK4h  BANK4l   BANK5   BANK6   BANK7
      Params:         0       0       0       0       0       0       0       0       0       0
      Locals:         5       0       0       0       0       0       0       0       0       0
      Temps:          2       0       0       0       0       0       0       0       0       0
      Totals:         7       0       0       0       0       0       0       0       0       0
Total ram usage:        7 bytes
 Hardware stack levels used:    1
 Hardware stack levels required when called:    4
 This function calls:
		_USER_USB_CALLBACK_EVENT_HANDLER
 This function is called by:
		_USBCheckStdRequest
 This function uses a non-reentrant model


 *************** function _USER_USB_CALLBACK_EVENT_HANDLER *****************
 Defined at:
		line 49 in file "usb_device_events.c"
 Parameters:    Size  Location     Type
  event           2   12[COMRAM] enum E44
  pdata           2   14[COMRAM] PTR void 
		 -> RAM(2047), USTATcopy(1), USBActiveConfiguration(1), NULL(0), 
		 -> BDT(48), 
  size            2   16[COMRAM] unsigned short 
 Auto vars:     Size  Location     Type
		None
 Return value:  Size  Location     Type
                  1    wreg      _Bool 
 Registers used:
		wreg, fsr2l, fsr2h, status,2, status,0, prodl, prodh, cstack
 Tracked objects:
		On entry : 
		On exit  : 
		Unchanged: 
 Data sizes:     COMRAM   BANK0   BANK1   BANK2   BANK3  BANK4h  BANK4l   BANK5   BANK6   BANK7
      Params:         6       0       0       0       0       0       0       0       0       0
      Locals:         0       0       0       0       0       0       0       0       0       0
      Temps:          2       0       0       0       0       0       0       0       0       0
      Totals:         8       0       0       0       0       0       0       0       0       0
Total ram usage:        8 bytes
 Hardware stack levels used:    1
 Hardware stack levels required when called:    3
 This function calls:
		_CDCInitEP
		_USBCheckCDCRequest
 This function is called by:
		_USBDeviceTasks
		_USBStdSetCfgHandler
		_USBSuspend
		_USBWakeFromSuspend
		_USBCtrlTrfSetupHandler
		_USBCheckStdRequest
		_USBStdFeatureReqHandler
 This function uses a non-reentrant model


 *************** function _USBCheckCDCRequest *****************
 Defined at:
		line 147 in file "usb_device_cdc.c"
 Parameters:    Size  Location     Type
		None
 Auto vars:     Size  Location     Type
		None
 Return value:  Size  Location     Type
                  1    wreg      void 
 Registers used:
		wreg, status,2, status,0
 Tracked objects:
		On entry : 
		On exit  : 
		Unchanged: 
 Data sizes:     COMRAM   BANK0   BANK1   BANK2   BANK3  BANK4h  BANK4l   BANK5   BANK6   BANK7
      Params:         0       0       0       0       0       0       0       0       0       0
      Locals:         0       0       0       0       0       0       0       0       0       0
      Temps:          2       0       0       0       0       0       0       0       0       0
      Totals:         2       0       0       0       0       0       0       0       0       0
Total ram usage:        2 bytes
 Hardware stack levels used:    1
 This function calls:
		Nothing
 This function is called by:
		_USER_USB_CALLBACK_EVENT_HANDLER
 This function uses a non-reentrant model


 *************** function _CDCInitEP *****************
 Defined at:
		line 294 in file "usb_device_cdc.c"
 Parameters:    Size  Location     Type
		None
 Auto vars:     Size  Location     Type
		None
 Return value:  Size  Location     Type
                  1    wreg      void 
 Registers used:
		wreg, fsr2l, fsr2h, status,2, status,0, prodl, prodh, cstack
 Tracked objects:
		On entry : 
		On exit  : 
		Unchanged: 
 Data sizes:     COMRAM   BANK0   BANK1   BANK2   BANK3  BANK4h  BANK4l   BANK5   BANK6   BANK7
      Params:         0       0       0       0       0       0       0       0       0       0
      Locals:         0       0       0       0       0       0       0       0       0       0
      Temps:          0       0       0       0       0       0       0       0       0       0
      Totals:         0       0       0       0       0       0       0       0       0       0
Total ram usage:        0 bytes
 Hardware stack levels used:    1
 Hardware stack levels required when called:    2
 This function calls:
		_USBEnableEndpoint
		i2_USBTransferOnePacket
 This function is called by:
		_USER_USB_CALLBACK_EVENT_HANDLER
 This function uses a non-reentrant model


 *************** function i2_USBTransferOnePacket *****************
 Defined at:
		line 1001 in file "usb_device.c"
 Parameters:    Size  Location     Type
  ep              1    wreg     unsigned char 
  dir             1    0[COMRAM] unsigned char 
  data            2    1[COMRAM] PTR unsigned char 
		 -> cdc_data_tx(64), cdc_data_rx(64), NULL(0), 
  len             1    3[COMRAM] unsigned char 
 Auto vars:     Size  Location     Type
  ep              1    8[COMRAM] unsigned char 
  USBTransferO    2    9[COMRAM] PTR volatile struct __BD
		 -> RAM(2047), NULL(0), BDT(48), 
 Return value:  Size  Location     Type
                  2    0[COMRAM] PTR void 
 Registers used:
		wreg, fsr2l, fsr2h, status,2, status,0, prodl, prodh
 Tracked objects:
		On entry : 
		On exit  : 
		Unchanged: 
 Data sizes:     COMRAM   BANK0   BANK1   BANK2   BANK3  BANK4h  BANK4l   BANK5   BANK6   BANK7
      Params:         4       0       0       0       0       0       0       0       0       0
      Locals:         3       0       0       0       0       0       0       0       0       0
      Temps:          4       0       0       0       0       0       0       0       0       0
      Totals:        11       0       0       0       0       0       0       0       0       0
Total ram usage:       11 bytes
 Hardware stack levels used:    1
 This function calls:
		Nothing
 This function is called by:
		_CDCInitEP
 This function uses a non-reentrant model


 *************** function _USBEnableEndpoint *****************
 Defined at:
		line 884 in file "usb_device.c"
 Parameters:    Size  Location     Type
  ep              1    wreg     unsigned char 
  options         1    8[COMRAM] unsigned char 
 Auto vars:     Size  Location     Type
  ep              1   11[COMRAM] unsigned char 
  p               2    9[COMRAM] PTR unsigned char 
		 -> UEP0(1), 
 Return value:  Size  Location     Type
                  1    wreg      void 
 Registers used:
		wreg, fsr2l, fsr2h, status,2, status,0, prodl, prodh, cstack
 Tracked objects:
		On entry : 
		On exit  : 
		Unchanged: 
 Data sizes:     COMRAM   BANK0   BANK1   BANK2   BANK3  BANK4h  BANK4l   BANK5   BANK6   BANK7
      Params:         1       0       0       0       0       0       0       0       0       0
      Locals:         3       0       0       0       0       0       0       0       0       0
      Temps:          0       0       0       0       0       0       0       0       0       0
      Totals:         4       0       0       0       0       0       0       0       0       0
Total ram usage:        4 bytes
 Hardware stack levels used:    1
 Hardware stack levels required when called:    1
 This function calls:
		_USBConfigureEndpoint
 This function is called by:
		_CDCInitEP
 This function uses a non-reentrant model


 *************** function _USBConfigureEndpoint *****************
 Defined at:
		line 1549 in file "usb_device.c"
 Parameters:    Size  Location     Type
  EPNum           1    wreg     unsigned char 
  direction       1    0[COMRAM] unsigned char 
 Auto vars:     Size  Location     Type
  EPNum           1    5[COMRAM] unsigned char 
  handle          2    6[COMRAM] PTR volatile struct __BD
		 -> BDT(48), 
 Return value:  Size  Location     Type
                  1    wreg      void 
 Registers used:
		wreg, fsr2l, fsr2h, status,2, status,0, prodl, prodh
 Tracked objects:
		On entry : 
		On exit  : 
		Unchanged: 
 Data sizes:     COMRAM   BANK0   BANK1   BANK2   BANK3  BANK4h  BANK4l   BANK5   BANK6   BANK7
      Params:         1       0       0       0       0       0       0       0       0       0
      Locals:         3       0       0       0       0       0       0       0       0       0
      Temps:          4       0       0       0       0       0       0       0       0       0
      Totals:         8       0       0       0       0       0       0       0       0       0
Total ram usage:        8 bytes
 Hardware stack levels used:    1
 This function calls:
		Nothing
 This function is called by:
		_USBEnableEndpoint
 This function uses a non-reentrant model


 *************** function _USBCtrlTrfOutHandler *****************
 Defined at:
		line 2544 in file "usb_device.c"
 Parameters:    Size  Location     Type
		None
 Auto vars:     Size  Location     Type
		None
 Return value:  Size  Location     Type
                  1    wreg      void 
 Registers used:
		wreg, fsr1l, fsr1h, fsr2l, fsr2h, status,2, status,0, cstack
 Tracked objects:
		On entry : 
		On exit  : 
		Unchanged: 
 Data sizes:     COMRAM   BANK0   BANK1   BANK2   BANK3  BANK4h  BANK4l   BANK5   BANK6   BANK7
      Params:         0       0       0       0       0       0       0       0       0       0
      Locals:         0       0       0       0       0       0       0       0       0       0
      Temps:          0       0       0       0       0       0       0       0       0       0
      Totals:         0       0       0       0       0       0       0       0       0       0
Total ram usage:        0 bytes
 Hardware stack levels used:    1
 Hardware stack levels required when called:    2
 This function calls:
		_USBCtrlTrfRxService
 This function is called by:
		_USBCtrlEPService
 This function uses a non-reentrant model


 *************** function _USBCtrlTrfRxService *****************
 Defined at:
		line 1858 in file "usb_device.c"
 Parameters:    Size  Location     Type
		None
 Auto vars:     Size  Location     Type
  byteToRead      1    1[COMRAM] unsigned char 
  i               1    0[COMRAM] unsigned char 
 Return value:  Size  Location     Type
                  1    wreg      void 
 Registers used:
		wreg, fsr1l, fsr1h, fsr2l, fsr2h, status,2, status,0, cstack
 Tracked objects:
		On entry : 
		On exit  : 
		Unchanged: 
 Data sizes:     COMRAM   BANK0   BANK1   BANK2   BANK3  BANK4h  BANK4l   BANK5   BANK6   BANK7
      Params:         0       0       0       0       0       0       0       0       0       0
      Locals:         2       0       0       0       0       0       0       0       0       0
      Temps:          0       0       0       0       0       0       0       0       0       0
      Totals:         2       0       0       0       0       0       0       0       0       0
Total ram usage:        2 bytes
 Hardware stack levels used:    1
 Hardware stack levels required when called:    1
 This function calls:
		_USBCtrlEPAllowStatusStage
 This function is called by:
		_USBCtrlTrfOutHandler
 This function uses a non-reentrant model


 *************** function _USBCtrlEPAllowStatusStage *****************
 Defined at:
		line 1422 in file "usb_device.c"
 Parameters:    Size  Location     Type
		None
 Auto vars:     Size  Location     Type
		None
 Return value:  Size  Location     Type
                  1    wreg      void 
 Registers used:
		wreg, fsr2l, fsr2h, status,2, status,0
 Tracked objects:
		On entry : 
		On exit  : 
		Unchanged: 
 Data sizes:     COMRAM   BANK0   BANK1   BANK2   BANK3  BANK4h  BANK4l   BANK5   BANK6   BANK7
      Params:         0       0       0       0       0       0       0       0       0       0
      Locals:         0       0       0       0       0       0       0       0       0       0
      Temps:          0       0       0       0       0       0       0       0       0       0
      Totals:         0       0       0       0       0       0       0       0       0       0
Total ram usage:        0 bytes
 Hardware stack levels used:    1
 This function calls:
		Nothing
 This function is called by:
		_USBDeviceTasks
		_USBCtrlEPServiceComplete
		_USBCtrlTrfRxService
 This function uses a non-reentrant model


 *************** function _USBCtrlTrfInHandler *****************
 Defined at:
		line 2598 in file "usb_device.c"
 Parameters:    Size  Location     Type
		None
 Auto vars:     Size  Location     Type
  lastDTS         1    1[COMRAM] unsigned char 
 Return value:  Size  Location     Type
                  1    wreg      void 
 Registers used:
		wreg, fsr1l, fsr1h, fsr2l, fsr2h, status,2, status,0, tblptrl, tblptrh, tblptru, cstack
 Tracked objects:
		On entry : 
		On exit  : 
		Unchanged: 
 Data sizes:     COMRAM   BANK0   BANK1   BANK2   BANK3  BANK4h  BANK4l   BANK5   BANK6   BANK7
      Params:         0       0       0       0       0       0       0       0       0       0
      Locals:         1       0       0       0       0       0       0       0       0       0
      Temps:          0       0       0       0       0       0       0       0       0       0
      Totals:         1       0       0       0       0       0       0       0       0       0
Total ram usage:        1 bytes
 Hardware stack levels used:    1
 Hardware stack levels required when called:    1
 This function calls:
		_USBCtrlTrfTxService
 This function is called by:
		_USBCtrlEPService
 This function uses a non-reentrant model


 *************** function _USBCtrlTrfTxService *****************
 Defined at:
		line 1777 in file "usb_device.c"
 Parameters:    Size  Location     Type
		None
 Auto vars:     Size  Location     Type
  byteToSend      1    0[COMRAM] unsigned char 
 Return value:  Size  Location     Type
                  1    wreg      void 
 Registers used:
		wreg, fsr1l, fsr1h, fsr2l, fsr2h, status,2, status,0, tblptrl, tblptrh, tblptru
 Tracked objects:
		On entry : 
		On exit  : 
		Unchanged: 
 Data sizes:     COMRAM   BANK0   BANK1   BANK2   BANK3  BANK4h  BANK4l   BANK5   BANK6   BANK7
      Params:         0       0       0       0       0       0       0       0       0       0
      Locals:         1       0       0       0       0       0       0       0       0       0
      Temps:          0       0       0       0       0       0       0       0       0       0
      Totals:         1       0       0       0       0       0       0       0       0       0
Total ram usage:        1 bytes
 Hardware stack levels used:    1
 This function calls:
		Nothing
 This function is called by:
		_USBCtrlEPAllowDataStage
		_USBCtrlTrfInHandler
 This function uses a non-reentrant model



MODULE INFORMATION

Module		Function		Class		Link	Load	Size
C:\Program Files (x86)\Microchip\xc8\v2.10\pic\sources\c99\common\lwdiv.c
		___lwdiv       		CODE           	2BB4	0000	119

C:\Program Files (x86)\Microchip\xc8\v2.10\pic\sources\c99\common\lwdiv.c estimated size: 119

C:\Program Files (x86)\Microchip\xc8\v2.10\pic\sources\c99\common\memset.c
		_memset        		CODE           	12AA	0000	377

C:\Program Files (x86)\Microchip\xc8\v2.10\pic\sources\c99\common\memset.c estimated size: 377

usb_cdc_lib.c
		_isUSBReady    		CODE           	2EE4	0000	57
		_initUSBLib    		CODE           	3030	0000	15
		_processUSBTasks		CODE           	2F80	0000	49

usb_cdc_lib.c estimated size: 121

shared
		_configDescriptor1		SMALLCONST     	0813	0000	68
		_USB_CD_Ptr    		SMALLCONST     	0811	0000	3
		_sd001         		SMALLCONST     	0856	0000	39
		_sd002         		SMALLCONST     	087C	0000	33
		i2_USBDeviceInit		CODE           	1856	0000	331
		__initialization		CODE           	2F1C	0000	37
		_device_dsc    		SMALLCONST     	089C	0000	19
		_DIGIT_MAP     		SMALLCONST     	0801	0000	11
		_USB_SD_Ptr    		SMALLCONST     	080B	0000	7
		main@msg       		SMALLCONST     	08B2	0000	5
		i2_memset      		CODE           	1422	0000	375
		_sd000         		SMALLCONST     	08AE	0000	5
		i2_USBTransferOnePacket		CODE           	1D68	0000	319

shared estimated size: 1252

usb_device_cdc.c
		_CDCTxService  		CODE           	110E	0000	413
		_CDCInitEP     		CODE           	2D04	0000	101
		_putUSBUSART   		CODE           	2FB0	0000	45
		_getsUSBUSART  		CODE           	27CC	0000	185
		_USBCheckCDCRequest		CODE           	2310	0000	269

usb_device_cdc.c estimated size: 1013

usb_device_events.c
		_USER_USB_CALLBACK_EVENT_HANDLER		CODE           	2B2C	0000	137

usb_device_events.c estimated size: 137

usb_device.c
		_USBCtrlTrfInHandler		CODE           	241C	0000	267
		_USBTransferOnePacket		CODE           	1AE4	0000	323
		_USBDeviceAttach		CODE           	2E64	0000	67
		_USBStdGetDscHandler		CODE           	1598	0000	373
		_USBCtrlEPAllowDataStage		CODE           	293C	0000	181
		_USBStdFeatureReqHandler		CODE           	08B8	0000	861
		_USBCtrlEPAllowStatusStage		CODE           	2526	0000	243
		_USBCtrlTrfSetupHandler		CODE           	2A9C	0000	145
		_USBCtrlTrfOutHandler		CODE           	2C2A	0000	117
		_USBCtrlEPServiceComplete		CODE           	1C26	0000	323
		_USBSuspend    		CODE           	2FDC	0000	45
		_USBStdSetCfgHandler		CODE           	2618	0000	235
		_USBStdGetStatusHandler		CODE           	2202	0000	271
		_USBWakeFromSuspend		CODE           	2EA6	0000	63
		_USBCtrlTrfRxService		CODE           	19A0	0000	325
		_USBCtrlTrfTxService		CODE           	20F2	0000	273
		_USBEnableEndpoint		CODE           	2E18	0000	77
		_USBConfigureEndpoint		CODE           	29F0	0000	173
		_USBDeviceInit 		CODE           	170C	0000	331
		_USBIncrement1msInternalTimers		CODE           	2F4E	0000	51
		_USBCtrlEPService		CODE           	2884	0000	185
		_USBStallHandler		CODE           	2D68	0000	97
		_USBDeviceTasks		CODE           	0EE6	0000	553
		_USBCheckStdRequest		CODE           	1FCC	0000	295

usb_device.c estimated size: 5874

C:\Program Files (x86)\Microchip\xc8\v2.10\pic\sources\c99\common\memcpy.c
		_memcpy        		CODE           	2DC8	0000	81

C:\Program Files (x86)\Microchip\xc8\v2.10\pic\sources\c99\common\memcpy.c estimated size: 81

C:\Program Files (x86)\Microchip\xc8\v2.10\pic\sources\c99\common\Umul16.c
		___wmul        		CODE           	3008	0000	41

C:\Program Files (x86)\Microchip\xc8\v2.10\pic\sources\c99\common\Umul16.c estimated size: 41

C:\Program Files (x86)\Microchip\xc8\v2.10\pic\sources\c99\common\lwmod.c
		___lwmod       		CODE           	2C9E	0000	103

C:\Program Files (x86)\Microchip\xc8\v2.10\pic\sources\c99\common\lwmod.c estimated size: 103

main.c
		_displayScore  		CODE           	1EA6	0000	295
		_main          		CODE           	0C14	0000	723
		_initTimer0    		CODE           	303E	0000	15
		_mainISR       		CODE           	0008	0000	209

main.c estimated size: 1242

